[0m07:44:59.702271 [debug] [MainThread]: Sending event: {'category': 'dbt', 'action': 'invocation', 'label': 'start', 'context': [<snowplow_tracker.self_describing_json.SelfDescribingJson object at 0x7d92fed57b60>, <snowplow_tracker.self_describing_json.SelfDescribingJson object at 0x7d9300868050>, <snowplow_tracker.self_describing_json.SelfDescribingJson object at 0x7d92fdc5b9d0>]}


============================== 07:44:59.756064 | 25a8b626-f75c-4945-96ce-b1de85fc3e9a ==============================
[0m07:44:59.756064 [info ] [MainThread]: Running with dbt=1.11.7
[0m07:44:59.756924 [debug] [MainThread]: running dbt with arguments {'introspect': 'True', 'no_print': 'None', 'printer_width': '80', 'target_path': 'None', 'use_colors': 'True', 'empty': 'None', 'warn_error_options': 'WarnErrorOptionsV2(error=[], warn=[], silence=[])', 'profiles_dir': '/home/vscode/.dbt', 'static_parser': 'True', 'log_format': 'default', 'write_json': 'True', 'invocation_command': 'dbt init --skip-profile-setup', 'version_check': 'True', 'quiet': 'False', 'partial_parse': 'True', 'debug': 'False', 'indirect_selection': 'eager', 'fail_fast': 'False', 'warn_error': 'None', 'send_anonymous_usage_stats': 'True', 'log_path': 'logs', 'log_cache_events': 'False', 'cache_selected_only': 'False', 'use_experimental_parser': 'False'}
[0m07:44:59.921651 [info ] [MainThread]: Creating dbt configuration folder at /home/vscode/.dbt
[0m07:45:16.086416 [debug] [MainThread]: Starter project path: /opt/venv/lib/python3.13/site-packages/dbt/include/starter_project
[0m07:45:16.098363 [info ] [MainThread]: 
Your new dbt project "airbnb" was created!

For more information on how to configure the profiles.yml file,
please consult the dbt documentation here:

  https://docs.getdbt.com/docs/configure-your-profile

One more thing:

Need help? Don't hesitate to reach out to us via GitHub issues or on Slack:

  https://community.getdbt.com/

Happy modeling!

[0m07:45:16.100087 [debug] [MainThread]: Resource report: {"command_name": "init", "command_success": true, "command_wall_clock_time": 16.500841, "process_in_blocks": "1576", "process_kernel_time": 0.310707, "process_mem_max_rss": "122620", "process_out_blocks": "1416", "process_user_time": 1.981754}
[0m07:45:16.100826 [debug] [MainThread]: Command `dbt init` succeeded at 07:45:16.100689 after 16.50 seconds
[0m07:45:16.101395 [debug] [MainThread]: Sending event: {'category': 'dbt', 'action': 'invocation', 'label': 'end', 'context': [<snowplow_tracker.self_describing_json.SelfDescribingJson object at 0x7d92fdb48180>, <snowplow_tracker.self_describing_json.SelfDescribingJson object at 0x7d92fdb8a450>, <snowplow_tracker.self_describing_json.SelfDescribingJson object at 0x7d92fdbc4380>]}
[0m07:45:16.102031 [debug] [MainThread]: Flushing usage events
[0m07:45:17.087561 [debug] [MainThread]: An error was encountered while trying to flush usage events
